{
  "Global": {
    "Id": "",
    "User": "",
    "Host": "",
    "Db": "",
    "Server": "",
    "LabelsKey": [],
    "LabelsValue": [],
    "Fingerprint": "",
    "Metrics": {
      "TimeMetrics": {
        "Lock_time": {
          "Cnt": 3,
          "Sum": 0,
          "Min": 0,
          "P99": 0,
          "Max": 0
        },
        "Query_time": {
          "Cnt": 3,
          "Sum": 320.00000000000006,
          "Min": 0.1,
          "P99": 20,
          "Max": 20
        }
      },
      "NumberMetrics": {
        "Rows_examined": {
          "Cnt": 3,
          "Sum": 0,
          "Min": 0,
          "P99": 0,
          "Max": 0
        },
        "Rows_sent": {
          "Cnt": 3,
          "Sum": 2001,
          "Min": 1,
          "P99": 1,
          "Max": 1
        }
      }
    },
    "TotalQueries": 2001,
    "UniqueQueries": 1,
    "NumQueriesWithErrors": 0,
    "ErrorsCode": null,
    "ErrorsCount": null
  },
  "Class": {
    "FDE00DF974C61E9F;root;localhost;;": {
      "Id": "FDE00DF974C61E9F",
      "User": "root",
      "Host": "localhost",
      "Db": "",
      "Server": "",
      "LabelsKey": [],
      "LabelsValue": [],
      "Fingerprint": "select c from t",
      "Metrics": {
        "TimeMetrics": {
          "Lock_time": {
            "Cnt": 3,
            "Sum": 0,
            "Min": 0,
            "P99": 0,
            "Max": 0
          },
          "Query_time": {
            "Cnt": 3,
            "Sum": 320.00000000000006,
            "Min": 0.1,
            "P99": 20,
            "Max": 20
          }
        },
        "NumberMetrics": {
          "Rows_examined": {
            "Cnt": 3,
            "Sum": 0,
            "Min": 0,
            "P99": 0,
            "Max": 0
          },
          "Rows_sent": {
            "Cnt": 3,
            "Sum": 2001,
            "Min": 1,
            "P99": 1,
            "Max": 1
          }
        }
      },
      "TotalQueries": 2001,
      "UniqueQueries": 1,
      "Example": {
        "QueryTime": 20,
        "Db": "",
        "Query": "select c from t",
        "Size": 15,
        "Ts": "2007-10-15 00:00:02"
      },
      "NumQueriesWithErrors": 0,
      "ErrorsCode": null,
      "ErrorsCount": null
    }
  },
  "RateLimit": 1000,
  "Error": ""
}