{
  "Global": {
    "ID": "",
    "Fingerprint": "",
    "TsMin": "2007-10-15T21:43:52Z",
    "TsMax": "2007-10-15T21:45:10Z",
    "Metrics": {
      "TimeMetrics": {
        "Lock_time": {
          "Sum": 0,
          "Min": 0,
          "Avg": 0,
          "Med": 0,
          "P95": 0,
          "Max": 0
        },
        "Query_time": {
          "Sum": 4,
          "Min": 2,
          "Avg": 2,
          "Med": 2,
          "P95": 2,
          "Max": 2
        }
      },
      "NumberMetrics": {
        "Rows_examined": {
          "Sum": 0,
          "Min": 0,
          "Avg": 0,
          "Med": 0,
          "P95": 0,
          "Max": 0
        },
        "Rows_sent": {
          "Sum": 2,
          "Min": 1,
          "Avg": 1,
          "Med": 1,
          "P95": 1,
          "Max": 1
        }
      }
    },
    "TotalQueries": 2,
    "UniqueQueries": 2,
    "LastThreadID": 0
  },
  "Class": {
    "3A99CC42AEDCCFCD": {
      "ID": "3A99CC42AEDCCFCD",
      "Fingerprint": "select sleep(?) from test.n",
      "TsMin": "2007-10-15T21:45:10Z",
      "TsMax": "2007-10-15T21:45:10Z",
      "Metrics": {
        "TimeMetrics": {
          "Lock_time": {
            "Sum": 0,
            "Min": 0,
            "Avg": 0,
            "Med": 0,
            "P95": 0,
            "Max": 0
          },
          "Query_time": {
            "Sum": 2,
            "Min": 2,
            "Avg": 2,
            "Med": 2,
            "P95": 2,
            "Max": 2
          }
        },
        "NumberMetrics": {
          "Rows_examined": {
            "Sum": 0,
            "Min": 0,
            "Avg": 0,
            "Med": 0,
            "P95": 0,
            "Max": 0
          },
          "Rows_sent": {
            "Sum": 1,
            "Min": 1,
            "Avg": 1,
            "Med": 1,
            "P95": 1,
            "Max": 1
          }
        }
      },
      "TotalQueries": 1,
      "UniqueQueries": 1,
      "Example": {
        "QueryTime": 2,
        "Db": "sakila",
        "Query": "select sleep(2) from test.n",
        "Size": 27,
        "Ts": "2007-10-15 21:45:10"
      },
      "LastThreadID": 0
    },
    "7F7D57ACDD8A346E": {
      "ID": "7F7D57ACDD8A346E",
      "Fingerprint": "select sleep(?) from n",
      "TsMin": "2007-10-15T21:43:52Z",
      "TsMax": "2007-10-15T21:43:52Z",
      "Metrics": {
        "TimeMetrics": {
          "Lock_time": {
            "Sum": 0,
            "Min": 0,
            "Avg": 0,
            "Med": 0,
            "P95": 0,
            "Max": 0
          },
          "Query_time": {
            "Sum": 2,
            "Min": 2,
            "Avg": 2,
            "Med": 2,
            "P95": 2,
            "Max": 2
          }
        },
        "NumberMetrics": {
          "Rows_examined": {
            "Sum": 0,
            "Min": 0,
            "Avg": 0,
            "Med": 0,
            "P95": 0,
            "Max": 0
          },
          "Rows_sent": {
            "Sum": 1,
            "Min": 1,
            "Avg": 1,
            "Med": 1,
            "P95": 1,
            "Max": 1
          }
        }
      },
      "TotalQueries": 1,
      "UniqueQueries": 1,
      "Example": {
        "QueryTime": 2,
        "Db": "test",
        "Query": "select sleep(2) from n",
        "Size": 22,
        "Ts": "2007-10-15 21:43:52"
      },
      "LastThreadID": 0
    }
  },
  "RateLimit": 0,
  "Error": ""
}